11:35:34 **** Incremental Build of configuration Debug for project pwm_axi_timer ****
make all 
make --no-print-directory pre-build
a9-linaro-pre-build-step
 
make --no-print-directory main-build
Building file: ../src/main.c
Invoking: ARM v7 gcc compiler
arm-none-eabi-gcc -Wall -O0 -g3 -c -fmessage-length=0 -MT"src/main.o" -mcpu=cortex-a9 -mfpu=vfpv3 -mfloat-abi=hard -I/home/user/lab4/vitis_sources_lab_4/zynq_interrupt_system_wrapper/export/zynq_interrupt_system_wrapper/sw/zynq_interrupt_system_wrapper/standalone_ps7_cortexa9_0/bspinclude/include -MMD -MP -MF"src/main.d" -MT"src/main.o" -o "src/main.o" "../src/main.c"
../src/main.c: In function 'TmrCtrPwmExample':
../src/main.c:139:6: warning: unused variable 'WaitCount' [-Wunused-variable]
  139 |  u64 WaitCount;
      |      ^~~~~~~~~
../src/main.c:138:6: warning: unused variable 'HighTime' [-Wunused-variable]
  138 |  u32 HighTime;
      |      ^~~~~~~~
../src/main.c:137:6: warning: unused variable 'Period' [-Wunused-variable]
  137 |  u32 Period;
      |      ^~~~~~
../src/main.c:136:6: warning: unused variable 'Div' [-Wunused-variable]
  136 |  u8  Div;
      |      ^~~
../src/main.c:135:6: warning: unused variable 'NoOfCycles' [-Wunused-variable]
  135 |  u8  NoOfCycles;
      |      ^~~~~~~~~~
../src/main.c:134:6: warning: unused variable 'DutyCycle' [-Wunused-variable]
  134 |  u8  DutyCycle;
      |      ^~~~~~~~~
At top level:
../src/main.c:83:14: warning: 'PeriodTimerHit' defined but not used [-Wunused-variable]
   83 | static int   PeriodTimerHit = FALSE;
      |              ^~~~~~~~~~~~~~
Finished building: ../src/main.c
 
Building target: pwm_axi_timer.elf
Invoking: ARM v7 gcc linker
arm-none-eabi-gcc -mcpu=cortex-a9 -mfpu=vfpv3 -mfloat-abi=hard -Wl,-build-id=none -specs=Xilinx.spec -Wl,-T -Wl,../src/lscript.ld -L/home/user/lab4/vitis_sources_lab_4/zynq_interrupt_system_wrapper/export/zynq_interrupt_system_wrapper/sw/zynq_interrupt_system_wrapper/standalone_ps7_cortexa9_0/bsplib/lib -o "pwm_axi_timer.elf"  ./src/main.o   -Wl,--start-group,-lxil,-lgcc,-lc,--end-group
Finished building target: pwm_axi_timer.elf
 
Invoking: ARM v7 Print Size
arm-none-eabi-size pwm_axi_timer.elf  |tee "pwm_axi_timer.elf.size"
   text	   data	    bss	    dec	    hex	filename
  30970	   1936	  22656	  55562	   d90a	pwm_axi_timer.elf
Finished building: pwm_axi_timer.elf.size
 

11:35:35 Build Finished (took 419ms)

